{"filter":false,"title":"ex14.out","tooltip":"~/work/assignment1/test/ex14.out","undoManager":{"mark":-1,"position":-1,"stack":[]},"ace":{"folds":[],"scrolltop":0,"scrollleft":0,"selection":{"start":{"row":0,"column":0},"end":{"row":0,"column":0},"isBackwards":false},"options":{"guessTabSize":true,"useWrapMode":false,"wrapToView":true},"firstLineState":0},"timestamp":1475941396820,"hash":"1d229271928d3f9e2bb0375bd6ce5db6c6d348d9"}